// Jest Snapshot v1, https://goo.gl/fbAQLP

exports[`AddFoodForm should match snapshot 1`] = `
ShallowWrapper {
  Symbol(enzyme.__root__): [Circular],
  Symbol(enzyme.__unrendered__): <AddFoodForm />,
  Symbol(enzyme.__renderer__): Object {
    "batchedUpdates": [Function],
    "getNode": [Function],
    "render": [Function],
    "simulateError": [Function],
    "simulateEvent": [Function],
    "unmount": [Function],
  },
  Symbol(enzyme.__node__): Object {
    "instance": null,
    "key": undefined,
    "nodeType": "host",
    "props": Object {
      "children": <form
        onSubmit={[Function]}
      >
        <input
          onChange={[Function]}
          placeholder="Enter food here"
          type="text"
          value=""
        />
        <button>
          Submit
        </button>
      </form>,
    },
    "ref": null,
    "rendered": Object {
      "instance": null,
      "key": undefined,
      "nodeType": "host",
      "props": Object {
        "children": Array [
          <input
            onChange={[Function]}
            placeholder="Enter food here"
            type="text"
            value=""
          />,
          <button>
            Submit
          </button>,
        ],
        "onSubmit": [Function],
      },
      "ref": null,
      "rendered": Array [
        Object {
          "instance": null,
          "key": undefined,
          "nodeType": "host",
          "props": Object {
            "onChange": [Function],
            "placeholder": "Enter food here",
            "type": "text",
            "value": "",
          },
          "ref": null,
          "rendered": null,
          "type": "input",
        },
        Object {
          "instance": null,
          "key": undefined,
          "nodeType": "host",
          "props": Object {
            "children": "Submit",
          },
          "ref": null,
          "rendered": "Submit",
          "type": "button",
        },
      ],
      "type": "form",
    },
    "type": "div",
  },
  Symbol(enzyme.__nodes__): Array [
    Object {
      "instance": null,
      "key": undefined,
      "nodeType": "host",
      "props": Object {
        "children": <form
          onSubmit={[Function]}
        >
          <input
            onChange={[Function]}
            placeholder="Enter food here"
            type="text"
            value=""
          />
          <button>
            Submit
          </button>
        </form>,
      },
      "ref": null,
      "rendered": Object {
        "instance": null,
        "key": undefined,
        "nodeType": "host",
        "props": Object {
          "children": Array [
            <input
              onChange={[Function]}
              placeholder="Enter food here"
              type="text"
              value=""
            />,
            <button>
              Submit
            </button>,
          ],
          "onSubmit": [Function],
        },
        "ref": null,
        "rendered": Array [
          Object {
            "instance": null,
            "key": undefined,
            "nodeType": "host",
            "props": Object {
              "onChange": [Function],
              "placeholder": "Enter food here",
              "type": "text",
              "value": "",
            },
            "ref": null,
            "rendered": null,
            "type": "input",
          },
          Object {
            "instance": null,
            "key": undefined,
            "nodeType": "host",
            "props": Object {
              "children": "Submit",
            },
            "ref": null,
            "rendered": "Submit",
            "type": "button",
          },
        ],
        "type": "form",
      },
      "type": "div",
    },
  ],
  Symbol(enzyme.__options__): Object {
    "adapter": ReactSixteenAdapter {
      "options": Object {
        "enableComponentDidUpdateOnSetState": true,
        "lifecycles": Object {
          "componentDidUpdate": Object {
            "onSetState": true,
          },
          "getDerivedStateFromProps": true,
          "getSnapshotBeforeUpdate": true,
          "setState": Object {
            "skipsComponentDidUpdateOnNullish": true,
          },
        },
      },
    },
  },
}
`;
